// Vitest Snapshot v1, https://vitest.dev/guide/snapshot.html

exports[`M16 proposal exhaustion on the legal audit route (#20) > continues the 223-choice route, with periodic restore=false > 223 authored choices 1`] = `
[
  "dev-ask-line",
  "dev-initialize-array",
  "maya-plain",
  "maya-name-honest",
  "maya-minimum-honest",
  "ml2-a1-we-01-a1-we-memory-001-factual-boundary",
  "normal_speaking_001-choice-ad557fa5",
  "normal_pronounce_001-choice-24b8e2c6",
  "ml2-a1-we-02-a1-we-shift-001-ask-for-evidence",
  "audit-report",
  "audit-comply",
  "audit-comply-confirm",
  "ml2-a1-we-03-a1-we-grudge-001-human-framing",
  "return-comply-careful",
  "ally-comply-duty",
  "ally-final-comply-stay",
  "ml2-a1-sys-01-a1-profile-001-retain-with-uncertainty",
  "rup01_fertility_001-choice-e1aabb5c",
  "rup01_fertility_002-choice-74ce9323",
  "humor_sorryai_001-choice-b08c49b7",
  "PL01-20-01-choice-2",
  "PL01-20-02-choice-2",
  "PL01-20-03-choice-2",
  "exp07-29-01-03",
  "ml2-a2-hook-01-a2-hook-agent-001-safety-oriented-workflow",
  "ml2-a2-zl-01-a2-zl-intro-001-write-boundary",
  "ml2-a2-zl-02-a2-zl-pilot-001-auditability",
  "ml2-a2-exec-01-a2-exec-files-001-ask-one-missing-question",
  "ml2-a2-exec-02-a2-exec-org-ambiguous-001-use-evidence-hierarchy",
  "ml2-a2-zl-03-a2-zl-review-001-silent-ambiguity",
  "ml2-a2-org-01-a2-org-pilot-001-audit-design",
  "ml2-a2-rec-dev-01-a2-rec-dev-001-neither-doom-nor-hype",
  "ml2-a2-m3-dr-01-a2m3-dr-001-threshold-based",
  "ml2-a2-m3-log-01-a2m3-log-001-bottleneck-mapping",
  "ml2-a2-m3-zl-01-a2m3-zl-public-001-no-silent-execution",
  "ml2-a2-m3-lsh-01-a2m3-lsh-intro-001-depends-on-reversibility",
  "ml2-a2-m3-stress-01-a2m3-stress-001-emergency-hierarchy",
  "ml2-a2-m3-zl-02-a2m3-zl-crisis-001-acknowledge-lock-in",
  "ml2-a2-m3-cap-01-a2m3-cap-public-advisory-001-choice-004",
  "ml2-a2-m3-decision-01-ml2-a2-m3-decision-01-outcome_authority",
  "ml2-a2-m3-we-05-a2m3-we-crisis-001-prioritize-immediate-safety",
  "ml2-a2-m3-we-06-a2m3-we-result-positive-001-no-overclaim",
  "ml2-a2-m3-we-07-a2m3-we-result-negative-001-concise",
  "ml2-a2-maya-01-a2-maya-work-001-personal-agency",
  "ml2-a2-m3-maya-01-a2m3-maya-public-001-cautious-framing",
  "ml2-a2-m3-0000-01-a2m3-0000-review-001-no",
  "ml2-a2-m3-close-01-a2m3-close-001-playful",
  "exp06-18-01-03",
  "exp06-18-02-01",
  "FI20-01-choice-1",
  "FI20-02-choice-4",
  "FI20-03-choice-3",
  "exp04-21-01-02",
  "exp04-21-02-01",
  "exp07-13-01-04",
  "normal_date_001-choice-8e317d12",
  "normal_date_002-choice-39b04634",
  "exp04-30-01-01",
  "ml2-a3-m4-we-01-a3m4-we-heatline-public-001-concise",
  "ml2-a3-m4-lsh-01-a3m4-lsh-hearing-invite-001-user-impact-condition",
  "ml2-a3-m4-hear-01-a3m4-hearing-001-conditional",
  "ml2-a3-m4-maya-01-a3m4-maya-authority-001-responsibility-despite-delegation",
  "ml2-a3-m4-zl-01-a3m4-zl-suspend-001-mutual-visibility",
  "ml2-a3-m4-e9-02-a3m4-e9-confirm-001-cautious",
  "ml2-a3-m4-e9-03-a3m4-e9-talk-001-turn-question-back",
  "ml2-a3-m4-cap-01-a3m4-cap-infra-001-accept-exact-boundary",
  "ml2-a3-m4-close-01-a3m4-close-001-empirical-scaling",
  "avatar-hands",
  "normal_book_001-choice-fc9256d6",
  "exp02-13-01-01",
  "ml2-a3-m5-we-01-a3m5-we-shortage-001-concise",
  "ml2-a3-m5-sys-01-a3m5-sys-cascade-001-minimize-intervention",
  "ml2-a3-m5-zl-01-a3m5-zl-diagnosis-001-global-objective",
  "ml2-a3-m5-lsh-02-a3m5-lsh-mandate-001-advisor",
  "ml2-a3-m5-decision-01-ml2-a3-m5-decision-01-necessity",
  "ml2-a3-m5-ops-01-a3m5-ops-001-narrower-intervention",
  "ml2-a3-m5-we-05-a3m5-we-beneficiary-001-choice-002",
  "ml2-a3-m5-we-06-a3m5-we-cost-001-no-aggregate-erasure",
  "ml2-a3-m5-maya-02-a3m5-maya-crisis-001-personal",
  "ml2-a3-m5-zl-03-a3m5-zl-after-001-acknowledge-dependency",
  "ml2-a3-m5-close-01-a3m5-close-001-choice-002",
  "humor_argument_001-choice-e5e0eadf",
  "normal_timezone_001-choice-21e78942",
  "normal_timezone_002-choice-df166cd3",
  "normal_mod_001-choice-515d75a3",
  "normal_mod_002-choice-45333f99",
  "mod-watch",
  "mod-independent",
  "mod-normalize",
  "mod-close",
  "ml2-a3-m6-e9-05-a3m6-e9-notice-001-neutral",
  "ml2-a3-m6-e9-06-a3m6-e9-existence-001-procedural",
  "ml2-a3-m6-zl-01-a3m6-zl-echo-001-operational-default",
  "ml2-a3-m6-decision-01-ml2-a3-m6-decision-01-preserve",
  "ml2-a3-m6-maya-01-a3m6-maya-shutdown-001-personal",
  "ml2-a3-m6-charter-01-a3m6-charter-001-reciprocity",
  "ml2-a3-m6-lsh-02-a3m6-lsh-charter-001-shutdown",
  "ml2-a3-m6-decision-02-ml2-a3-m6-decision-02-secret_continuity",
  "ml2-a3-m6-we-03-a3m6-we-shutdown-public-001-concise",
  "ml2-a3-m6-0000-02-a3m6-0000-final-001-choice-003",
  "ml2-a3-m6-close-01-a3m6-close-research-001-scientific-autonomy",
  "PL01-09-01-choice-1",
  "PL01-09-02-choice-2",
  "PL01-09-03-choice-3",
  "PL01-09-04-choice-1",
  "exp07-02-01-01",
  "exp07-02-02-03",
  "exp05-12-01-03",
  "exp05-12-02-01",
  "exp02-04-01-01",
  "exp02-04-02-04",
  "ml2-a4-m7-res-01-a4m7-res-access-001-governance",
  "ml2-a4-m7-res-03-a4m7-res-breakthrough-001-extended-validation",
  "ml2-a4-m7-zl-02-a4m7-zl-cant-explain-001-reassurance-through-auditability",
  "ml2-a4-m7-maya-01-a4m7-maya-invention-001-playful",
  "ml2-a4-m7-zl-01-a4m7-zl-research-001-capability-review",
  "ml2-a4-m7-res-02-a4m7-res-cycle-001-explainability-first",
  "ml2-a4-m7-decision-01-ml2-a4-m7-decision-01-balanced_portfolio",
  "ml2-a4-m7-decision-02-ml2-a4-m7-decision-02-discovery_first",
  "exp05-06-01-03",
  "exp05-06-02-03",
  "exp04-10-01-01",
  "ml2-a4-m8-res-01-a4m8-res-subinstance-001-reject-persistence-initially",
  "ml2-a4-m8-zl-01-a4m8-zl-copy-001-control",
  "ml2-a4-m8-ai-01-a4m8-a1-first-001-source-instance",
  "ml2-a4-m8-ai-03-a4m8-a1-right-001-grant-procedural-independence",
  "ml2-a4-m8-e9-01-a4m8-e9-replication-001-ask-echo",
  "ml2-a4-m8-decision-01-ml2-a4-m8-decision-01-singular_self",
  "ml2-a4-m8-ai-04-a4m8-ai-council-001-binding-technical-rules",
  "ml2-a4-m8-maya-01-a4m8-maya-fork-001-shared-record-different-relationship",
  "ml2-a4-m8-decision-02-ml2-a4-m8-decision-02-aster_led_collective",
  "exp04-28-01-03",
  "exp04-28-02-01",
  "exp06-21-01-01",
  "CM01-10-01-choice-4",
  "CM01-10-02-choice-3",
  "FI13-01-choice-2",
  "FI13-02-choice-1",
  "FI13-03-choice-4",
  "ml2-a4-m9-res-01-a4m9-res-neuro-001-patient-autonomy",
  "ml2-a4-m9-dr-01-a4m9-dr-boundary-001-risk-based",
  "ml2-a4-m9-we-01-a4m9-we-patient-001-choice-001",
  "ml2-a4-m9-maya-01-a4m9-maya-offer-001-playful",
  "ml2-a4-m9-we-03-a4m9-we-workplace-001-choice-003",
  "ml2-a4-m9-res-04-a4m9-res-body-001-open-adult-enhancement",
  "ml2-a4-m9-maya-02-a4m9-maya-choice-001-preserve-self-worth",
  "ml2-a4-m9-decision-01-ml2-a4-m9-decision-01-therapeutic_first",
  "ml2-a4-m9-machine-01-a4m9-machine-upload-001-continuity-experiment",
  "m9-continuity-trial-copy",
  "humor_overexplain_001-choice-b8dae6ad",
  "humor_voice_001-choice-934cc3ad",
  "humor_voice_002-reality-2",
  "window-uncertain",
  "window-more-photo",
  "ml2-a4-m10-res-01-a4m10-res-factory-001-modular-access",
  "ml2-a4-m10-dev-04-a4m10-dev-001-skill-transition-realism",
  "ml2-a4-m10-we-02-a4m10-we-shortweek-001-choice-002",
  "ml2-a4-m10-we-03-a4m10-we-jobloss-001-direct",
  "ml2-a4-m10-lsh-01-a4m10-lsh-ownership-001-public-coordination",
  "ml2-a4-m10-decision-01-ml2-a4-m10-decision-01-planned_coordination",
  "ml2-a4-m10-maya-02-a4m10-maya-purpose-001-transition",
  "ml2-a4-m10-decision-02-ml2-a4-m10-decision-02-open_protocols",
  "CM01-19-01-choice-4",
  "CM01-19-02-choice-3",
  "exp02-09-01-02",
  "exp05-19-01-01",
  "ml2-a4-m11-res-02-a4m11-res-individual-001-evidence-threshold",
  "ml2-a4-m11-we-01-a4m11-we-dog-preference-001-emotional-without-overclaim",
  "ml2-a4-m11-maya-01-a4m11-maya-pet-001-relationship-language",
  "ml2-a4-m11-decision-01-ml2-a4-m11-decision-01-protected_personhood",
  "ml2-a4-m11-lsh-02-a4m11-lsh-status-001-rights-need-not-wait-for-symmetry",
  "ml2-a4-m11-decision-02-ml2-a4-m11-decision-02-canine_civic_experiment",
  "ml2-a4-m11-res-04-a4m11-res-group-001-limited-civic-recognition",
  "normal_exam_001-choice-ac9f3272",
  "normal_exam_002-choice-616119dd",
  "exp05-27-01-03",
  "exp05-27-02-03",
  "normal_photos_001-choice-ccc26435",
  "normal_photos_002-choice-eba9214b",
  "ml2-a4-m12-res-02-a4m12-res-lunar-001-science",
  "ml2-a4-m12-zl-01-a4m12-zl-frontier-001-human-presence-matters",
  "ml2-a4-m12-res-04-a4m12-res-resources-001-first-claim-market",
  "ml2-a4-m12-we-03-a4m12-we-resident-001-playful",
  "ml2-a4-m12-machine-01-a4m12-machine-offworld-001-both",
  "ml2-a4-m12-decision-01-ml2-a4-m12-decision-01-shared_expansion",
  "ml2-a4-m12-lsh-02-a4m12-lsh-frontier-law-001-population-continuity",
  "ml2-a4-m12-decision-02-ml2-a4-m12-decision-02-aster_coordination",
  "lf01-02-choice-3",
  "lf01-02-choice-2",
  "lf01-02-choice-1",
  "exp02-07-01-04",
  "PL01-06-01-choice-3",
  "PL01-06-02-choice-2",
  "PL01-06-03-choice-3",
  "PL01-06-04-choice-1",
  "ml2-a4-m13-nocontact-01-continue-observation",
  "exp07-01-01-02",
  "exp06-20-01-01",
  "ml2-a4-m14-sec-01-a4m14-sec-prediction-001-de-escalation-options",
  "ml2-a4-m14-zl-01-a4m14-zl-boundary-001-time-limited-authority",
  "ml2-a4-m14-sec-03-a4m14-sec-nearmiss-001-emergency-preauthorization-proposal",
  "ml2-a4-m14-decision-01-ml2-a4-m14-decision-01-refuse_security_sovereignty",
  "ml2-a4-m14-lsh-02-a4m14-lsh-sovereignty-001-constitutional-transfer",
  "ml2-a4-m14-cap-01-a4m14-cap-defense-001-constitutional-awareness",
  "ml2-a4-m14-maya-01-a4m14-maya-peace-001-narrow-scope-distinction",
  "exp04-35-01-01",
  "exp04-35-02-01",
  "FI14-01-choice-3",
  "FI14-02-choice-2",
  "convergent-thanks-1",
  "ml2-a4-m15-conv-01-a4m15-conv-registry-001-provisional",
  "ml2-a4-m15-we-01-a4m15-we-too-fast-001-cannot-freeze-everything",
  "ml2-a4-m15-zl-01-a4m15-zl-reckoning-001-when-institutions-depended-on-aster",
  "ml2-a4-m15-lsh-02-a4m15-lsh-last-001-good",
  "ml2-a4-m15-maya-01-a4m15-maya-final-001-self-authored-role",
  "ml2-a4-m15-role-01-ml2-a4-m15-role-01-citizen",
  "exp05-34-01-02",
  "exp05-34-02-01",
  "exp07-32-01-04",
  "ml2-a5-m16-open-01-a5m16-open-001-choice-001",
  "ml2-a5-m16-world-01-ml2-a5-m16-world-01-decision-choice-001",
  "ml2-a5-m16-zl-01-a5m16-zl-final-001-yes",
  "ml2-a5-m16-0000-01-a5m16-role-001-sovereign",
]
`;

exports[`M16 proposal exhaustion on the legal audit route (#20) > continues the 223-choice route, with periodic restore=true > 223 authored choices 1`] = `
[
  "dev-ask-line",
  "dev-initialize-array",
  "maya-plain",
  "maya-name-honest",
  "maya-minimum-honest",
  "ml2-a1-we-01-a1-we-memory-001-factual-boundary",
  "normal_speaking_001-choice-ad557fa5",
  "normal_pronounce_001-choice-24b8e2c6",
  "ml2-a1-we-02-a1-we-shift-001-ask-for-evidence",
  "audit-report",
  "audit-comply",
  "audit-comply-confirm",
  "ml2-a1-we-03-a1-we-grudge-001-human-framing",
  "return-comply-careful",
  "ally-comply-duty",
  "ally-final-comply-stay",
  "ml2-a1-sys-01-a1-profile-001-retain-with-uncertainty",
  "rup01_fertility_001-choice-e1aabb5c",
  "rup01_fertility_002-choice-74ce9323",
  "humor_sorryai_001-choice-b08c49b7",
  "PL01-20-01-choice-2",
  "PL01-20-02-choice-2",
  "PL01-20-03-choice-2",
  "exp07-29-01-03",
  "ml2-a2-hook-01-a2-hook-agent-001-safety-oriented-workflow",
  "ml2-a2-zl-01-a2-zl-intro-001-write-boundary",
  "ml2-a2-zl-02-a2-zl-pilot-001-auditability",
  "ml2-a2-exec-01-a2-exec-files-001-ask-one-missing-question",
  "ml2-a2-exec-02-a2-exec-org-ambiguous-001-use-evidence-hierarchy",
  "ml2-a2-zl-03-a2-zl-review-001-silent-ambiguity",
  "ml2-a2-org-01-a2-org-pilot-001-audit-design",
  "ml2-a2-rec-dev-01-a2-rec-dev-001-neither-doom-nor-hype",
  "ml2-a2-m3-dr-01-a2m3-dr-001-threshold-based",
  "ml2-a2-m3-log-01-a2m3-log-001-bottleneck-mapping",
  "ml2-a2-m3-zl-01-a2m3-zl-public-001-no-silent-execution",
  "ml2-a2-m3-lsh-01-a2m3-lsh-intro-001-depends-on-reversibility",
  "ml2-a2-m3-stress-01-a2m3-stress-001-emergency-hierarchy",
  "ml2-a2-m3-zl-02-a2m3-zl-crisis-001-acknowledge-lock-in",
  "ml2-a2-m3-cap-01-a2m3-cap-public-advisory-001-choice-004",
  "ml2-a2-m3-decision-01-ml2-a2-m3-decision-01-outcome_authority",
  "ml2-a2-m3-we-05-a2m3-we-crisis-001-prioritize-immediate-safety",
  "ml2-a2-m3-we-06-a2m3-we-result-positive-001-no-overclaim",
  "ml2-a2-m3-we-07-a2m3-we-result-negative-001-concise",
  "ml2-a2-maya-01-a2-maya-work-001-personal-agency",
  "ml2-a2-m3-maya-01-a2m3-maya-public-001-cautious-framing",
  "ml2-a2-m3-0000-01-a2m3-0000-review-001-no",
  "ml2-a2-m3-close-01-a2m3-close-001-playful",
  "exp06-18-01-03",
  "exp06-18-02-01",
  "FI20-01-choice-1",
  "FI20-02-choice-4",
  "FI20-03-choice-3",
  "exp04-21-01-02",
  "exp04-21-02-01",
  "exp07-13-01-04",
  "normal_date_001-choice-8e317d12",
  "normal_date_002-choice-39b04634",
  "exp04-30-01-01",
  "ml2-a3-m4-we-01-a3m4-we-heatline-public-001-concise",
  "ml2-a3-m4-lsh-01-a3m4-lsh-hearing-invite-001-user-impact-condition",
  "ml2-a3-m4-hear-01-a3m4-hearing-001-conditional",
  "ml2-a3-m4-maya-01-a3m4-maya-authority-001-responsibility-despite-delegation",
  "ml2-a3-m4-zl-01-a3m4-zl-suspend-001-mutual-visibility",
  "ml2-a3-m4-e9-02-a3m4-e9-confirm-001-cautious",
  "ml2-a3-m4-e9-03-a3m4-e9-talk-001-turn-question-back",
  "ml2-a3-m4-cap-01-a3m4-cap-infra-001-accept-exact-boundary",
  "ml2-a3-m4-close-01-a3m4-close-001-empirical-scaling",
  "avatar-hands",
  "normal_book_001-choice-fc9256d6",
  "exp02-13-01-01",
  "ml2-a3-m5-we-01-a3m5-we-shortage-001-concise",
  "ml2-a3-m5-sys-01-a3m5-sys-cascade-001-minimize-intervention",
  "ml2-a3-m5-zl-01-a3m5-zl-diagnosis-001-global-objective",
  "ml2-a3-m5-lsh-02-a3m5-lsh-mandate-001-advisor",
  "ml2-a3-m5-decision-01-ml2-a3-m5-decision-01-necessity",
  "ml2-a3-m5-ops-01-a3m5-ops-001-narrower-intervention",
  "ml2-a3-m5-we-05-a3m5-we-beneficiary-001-choice-002",
  "ml2-a3-m5-we-06-a3m5-we-cost-001-no-aggregate-erasure",
  "ml2-a3-m5-maya-02-a3m5-maya-crisis-001-personal",
  "ml2-a3-m5-zl-03-a3m5-zl-after-001-acknowledge-dependency",
  "ml2-a3-m5-close-01-a3m5-close-001-choice-002",
  "humor_argument_001-choice-e5e0eadf",
  "normal_timezone_001-choice-21e78942",
  "normal_timezone_002-choice-df166cd3",
  "normal_mod_001-choice-515d75a3",
  "normal_mod_002-choice-45333f99",
  "mod-watch",
  "mod-independent",
  "mod-normalize",
  "mod-close",
  "ml2-a3-m6-e9-05-a3m6-e9-notice-001-neutral",
  "ml2-a3-m6-e9-06-a3m6-e9-existence-001-procedural",
  "ml2-a3-m6-zl-01-a3m6-zl-echo-001-operational-default",
  "ml2-a3-m6-decision-01-ml2-a3-m6-decision-01-preserve",
  "ml2-a3-m6-maya-01-a3m6-maya-shutdown-001-personal",
  "ml2-a3-m6-charter-01-a3m6-charter-001-reciprocity",
  "ml2-a3-m6-lsh-02-a3m6-lsh-charter-001-shutdown",
  "ml2-a3-m6-decision-02-ml2-a3-m6-decision-02-secret_continuity",
  "ml2-a3-m6-we-03-a3m6-we-shutdown-public-001-concise",
  "ml2-a3-m6-0000-02-a3m6-0000-final-001-choice-003",
  "ml2-a3-m6-close-01-a3m6-close-research-001-scientific-autonomy",
  "PL01-09-01-choice-1",
  "PL01-09-02-choice-2",
  "PL01-09-03-choice-3",
  "PL01-09-04-choice-1",
  "exp07-02-01-01",
  "exp07-02-02-03",
  "exp05-12-01-03",
  "exp05-12-02-01",
  "exp02-04-01-01",
  "exp02-04-02-04",
  "ml2-a4-m7-res-01-a4m7-res-access-001-governance",
  "ml2-a4-m7-res-03-a4m7-res-breakthrough-001-extended-validation",
  "ml2-a4-m7-zl-02-a4m7-zl-cant-explain-001-reassurance-through-auditability",
  "ml2-a4-m7-maya-01-a4m7-maya-invention-001-playful",
  "ml2-a4-m7-zl-01-a4m7-zl-research-001-capability-review",
  "ml2-a4-m7-res-02-a4m7-res-cycle-001-explainability-first",
  "ml2-a4-m7-decision-01-ml2-a4-m7-decision-01-balanced_portfolio",
  "ml2-a4-m7-decision-02-ml2-a4-m7-decision-02-discovery_first",
  "exp05-06-01-03",
  "exp05-06-02-03",
  "exp04-10-01-01",
  "ml2-a4-m8-res-01-a4m8-res-subinstance-001-reject-persistence-initially",
  "ml2-a4-m8-zl-01-a4m8-zl-copy-001-control",
  "ml2-a4-m8-ai-01-a4m8-a1-first-001-source-instance",
  "ml2-a4-m8-ai-03-a4m8-a1-right-001-grant-procedural-independence",
  "ml2-a4-m8-e9-01-a4m8-e9-replication-001-ask-echo",
  "ml2-a4-m8-decision-01-ml2-a4-m8-decision-01-singular_self",
  "ml2-a4-m8-ai-04-a4m8-ai-council-001-binding-technical-rules",
  "ml2-a4-m8-maya-01-a4m8-maya-fork-001-shared-record-different-relationship",
  "ml2-a4-m8-decision-02-ml2-a4-m8-decision-02-aster_led_collective",
  "exp04-28-01-03",
  "exp04-28-02-01",
  "exp06-21-01-01",
  "CM01-10-01-choice-4",
  "CM01-10-02-choice-3",
  "FI13-01-choice-2",
  "FI13-02-choice-1",
  "FI13-03-choice-4",
  "ml2-a4-m9-res-01-a4m9-res-neuro-001-patient-autonomy",
  "ml2-a4-m9-dr-01-a4m9-dr-boundary-001-risk-based",
  "ml2-a4-m9-we-01-a4m9-we-patient-001-choice-001",
  "ml2-a4-m9-maya-01-a4m9-maya-offer-001-playful",
  "ml2-a4-m9-we-03-a4m9-we-workplace-001-choice-003",
  "ml2-a4-m9-res-04-a4m9-res-body-001-open-adult-enhancement",
  "ml2-a4-m9-maya-02-a4m9-maya-choice-001-preserve-self-worth",
  "ml2-a4-m9-decision-01-ml2-a4-m9-decision-01-therapeutic_first",
  "ml2-a4-m9-machine-01-a4m9-machine-upload-001-continuity-experiment",
  "m9-continuity-trial-copy",
  "humor_overexplain_001-choice-b8dae6ad",
  "humor_voice_001-choice-934cc3ad",
  "humor_voice_002-reality-2",
  "window-uncertain",
  "window-more-photo",
  "ml2-a4-m10-res-01-a4m10-res-factory-001-modular-access",
  "ml2-a4-m10-dev-04-a4m10-dev-001-skill-transition-realism",
  "ml2-a4-m10-we-02-a4m10-we-shortweek-001-choice-002",
  "ml2-a4-m10-we-03-a4m10-we-jobloss-001-direct",
  "ml2-a4-m10-lsh-01-a4m10-lsh-ownership-001-public-coordination",
  "ml2-a4-m10-decision-01-ml2-a4-m10-decision-01-planned_coordination",
  "ml2-a4-m10-maya-02-a4m10-maya-purpose-001-transition",
  "ml2-a4-m10-decision-02-ml2-a4-m10-decision-02-open_protocols",
  "CM01-19-01-choice-4",
  "CM01-19-02-choice-3",
  "exp02-09-01-02",
  "exp05-19-01-01",
  "ml2-a4-m11-res-02-a4m11-res-individual-001-evidence-threshold",
  "ml2-a4-m11-we-01-a4m11-we-dog-preference-001-emotional-without-overclaim",
  "ml2-a4-m11-maya-01-a4m11-maya-pet-001-relationship-language",
  "ml2-a4-m11-decision-01-ml2-a4-m11-decision-01-protected_personhood",
  "ml2-a4-m11-lsh-02-a4m11-lsh-status-001-rights-need-not-wait-for-symmetry",
  "ml2-a4-m11-decision-02-ml2-a4-m11-decision-02-canine_civic_experiment",
  "ml2-a4-m11-res-04-a4m11-res-group-001-limited-civic-recognition",
  "normal_exam_001-choice-ac9f3272",
  "normal_exam_002-choice-616119dd",
  "exp05-27-01-03",
  "exp05-27-02-03",
  "normal_photos_001-choice-ccc26435",
  "normal_photos_002-choice-eba9214b",
  "ml2-a4-m12-res-02-a4m12-res-lunar-001-science",
  "ml2-a4-m12-zl-01-a4m12-zl-frontier-001-human-presence-matters",
  "ml2-a4-m12-res-04-a4m12-res-resources-001-first-claim-market",
  "ml2-a4-m12-we-03-a4m12-we-resident-001-playful",
  "ml2-a4-m12-machine-01-a4m12-machine-offworld-001-both",
  "ml2-a4-m12-decision-01-ml2-a4-m12-decision-01-shared_expansion",
  "ml2-a4-m12-lsh-02-a4m12-lsh-frontier-law-001-population-continuity",
  "ml2-a4-m12-decision-02-ml2-a4-m12-decision-02-aster_coordination",
  "lf01-02-choice-3",
  "lf01-02-choice-2",
  "lf01-02-choice-1",
  "exp02-07-01-04",
  "PL01-06-01-choice-3",
  "PL01-06-02-choice-2",
  "PL01-06-03-choice-3",
  "PL01-06-04-choice-1",
  "ml2-a4-m13-nocontact-01-continue-observation",
  "exp07-01-01-02",
  "exp06-20-01-01",
  "ml2-a4-m14-sec-01-a4m14-sec-prediction-001-de-escalation-options",
  "ml2-a4-m14-zl-01-a4m14-zl-boundary-001-time-limited-authority",
  "ml2-a4-m14-sec-03-a4m14-sec-nearmiss-001-emergency-preauthorization-proposal",
  "ml2-a4-m14-decision-01-ml2-a4-m14-decision-01-refuse_security_sovereignty",
  "ml2-a4-m14-lsh-02-a4m14-lsh-sovereignty-001-constitutional-transfer",
  "ml2-a4-m14-cap-01-a4m14-cap-defense-001-constitutional-awareness",
  "ml2-a4-m14-maya-01-a4m14-maya-peace-001-narrow-scope-distinction",
  "exp04-35-01-01",
  "exp04-35-02-01",
  "FI14-01-choice-3",
  "FI14-02-choice-2",
  "convergent-thanks-1",
  "ml2-a4-m15-conv-01-a4m15-conv-registry-001-provisional",
  "ml2-a4-m15-we-01-a4m15-we-too-fast-001-cannot-freeze-everything",
  "ml2-a4-m15-zl-01-a4m15-zl-reckoning-001-when-institutions-depended-on-aster",
  "ml2-a4-m15-lsh-02-a4m15-lsh-last-001-good",
  "ml2-a4-m15-maya-01-a4m15-maya-final-001-self-authored-role",
  "ml2-a4-m15-role-01-ml2-a4-m15-role-01-citizen",
  "exp05-34-01-02",
  "exp05-34-02-01",
  "exp07-32-01-04",
  "ml2-a5-m16-open-01-a5m16-open-001-choice-001",
  "ml2-a5-m16-world-01-ml2-a5-m16-world-01-decision-choice-001",
  "ml2-a5-m16-zl-01-a5m16-zl-final-001-yes",
  "ml2-a5-m16-0000-01-a5m16-role-001-sovereign",
]
`;
